#
# There is insufficient memory for the Java Runtime Environment to continue.
# Native memory allocation (malloc) failed to allocate 340024 bytes. Error detail: Chunk::new
# Possible reasons:
#   The system is out of physical RAM or swap space
#   This process is running with CompressedOops enabled, and the Java Heap may be blocking the growth of the native heap
# Possible solutions:
#   Reduce memory load on the system
#   Increase physical memory or swap space
#   Check if swap backing store is full
#   Decrease Java heap size (-Xmx/-Xms)
#   Decrease number of Java threads
#   Decrease Java thread stack sizes (-Xss)
#   Set larger code cache with -XX:ReservedCodeCacheSize=
#   JVM is running with Unscaled Compressed Oops mode in which the Java heap is
#     placed in the first 4GB address space. The Java Heap base address is the
#     maximum limit for the native heap growth. Please use -XX:HeapBaseMinAddress
#     to set the Java Heap base and to place the Java Heap above 4GB virtual address.
# This output file may be truncated or incomplete.
#
#  Out of Memory Error (arena.cpp:193), pid=16668, tid=2836
#
# JRE version: Java(TM) SE Runtime Environment (26.0.1+8) (build 26.0.1+8-34)
# Java VM: Java HotSpot(TM) 64-Bit Server VM (26.0.1+8-34, mixed mode, sharing, tiered, compressed oops, compressed class ptrs, g1 gc, windows-amd64)
# No core dump will be written. Minidumps are not enabled by default on client versions of Windows
#

---------------  S U M M A R Y ------------

Command Line: -javaagent:C:\Program Files\JetBrains\IntelliJ IDEA 2026.1.3\lib\idea_rt.jar=52483 -Dfile.encoding=UTF-8 -Dsun.stdout.encoding=UTF-8 -Dsun.stderr.encoding=UTF-8 hospital.management.system.PATIENT

Host: Intel(R) Core(TM) i5-4200U CPU @ 1.60GHz, 4 cores, 7G,  Windows 10 , 64 bit Build 19041 (10.0.19041.5915)
Time: Wed Aug  5 14:36:54 2026 India Standard Time elapsed time: 58779.249208 seconds (0d 16h 19m 39s)

---------------  T H R E A D  ---------------

Current thread (0x000002270a6c6d90):  JavaThread "C2 CompilerThread0" daemon [_thread_in_native, id=2836, stack(0x00000092c0b00000,0x00000092c0c00000) (1024K)]


Current CompileTask:
C2:58779249 1496   !   4       sun.awt.PostEventQueue::flush (168 bytes)

Stack: [0x00000092c0b00000,0x00000092c0c00000]
Native frames: (J=compiled Java code, j=interpreted, Vv=VM code, C=native code)
V  [jvm.dll+0x7d5879]  (no source info available)
V  [jvm.dll+0x7a37dd]  (no source info available)
V  [jvm.dll+0x9b0c10]  (no source info available)
V  [jvm.dll+0x9b3061]  (no source info available)
V  [jvm.dll+0x9b3773]  (no source info available)
V  [jvm.dll+0x30df76]  (no source info available)
V  [jvm.dll+0x11d8a6]  (no source info available)
V  [jvm.dll+0x11dbce]  (no source info available)
V  [jvm.dll+0x396721]  (no source info available)
V  [jvm.dll+0x6ed929]  (no source info available)
V  [jvm.dll+0x2da90a]  (no source info available)
V  [jvm.dll+0x2d2885]  (no source info available)
V  [jvm.dll+0x2d04cd]  (no source info available)
V  [jvm.dll+0x246820]  (no source info available)
V  [jvm.dll+0x2e06dc]  (no source info available)
V  [jvm.dll+0x2de8bd]  (no source info available)
V  [jvm.dll+0x4a3ff1]  (no source info available)
V  [jvm.dll+0x94f649]  (no source info available)
V  [jvm.dll+0x7d7358]  (no source info available)
C  [ucrtbase.dll+0x21bb2]  (no source info available)
C  [KERNEL32.DLL+0x17374]  (no source info available)
C  [ntdll.dll+0x4cc91]  (no source info available)

Lock stack of current Java thread (top to bottom):


---------------  P R O C E S S  ---------------

Threads class SMR info:
_java_thread_list=0x000002272c48bdf0, length=18, elements={
0x000002270a6b9330, 0x000002270a6bd060, 0x000002270a6bff80, 0x000002270a6c0b30,
0x000002270a6c16e0, 0x000002270a6c5ea0, 0x000002270a6c6d90, 0x000002270a6cea70,
0x0000022727643690, 0x0000022727672930, 0x00000227276750f0, 0x000002272790e3c0,
0x000002272c258780, 0x000002272c258f30, 0x0000022727805010, 0x000002272c076a30,
0x000002272c40c460, 0x000002272c40a520
}

Java Threads: ( => current thread )
  0x000002270a6b9330 JavaThread "Reference Handler"          daemon [_thread_blocked, id=14532, stack(0x00000092c0500000,0x00000092c0600000) (1024K)]
  0x000002270a6bd060 JavaThread "Finalizer"                  daemon [_thread_blocked, id=6048, stack(0x00000092c0600000,0x00000092c0700000) (1024K)]
  0x000002270a6bff80 JavaThread "Signal Dispatcher"          daemon [_thread_blocked, id=9004, stack(0x00000092c0700000,0x00000092c0800000) (1024K)]
  0x000002270a6c0b30 JavaThread "Attach Listener"            daemon [_thread_blocked, id=12588, stack(0x00000092c0800000,0x00000092c0900000) (1024K)]
  0x000002270a6c16e0 JavaThread "Service Thread"             daemon [_thread_blocked, id=13788, stack(0x00000092c0900000,0x00000092c0a00000) (1024K)]
  0x000002270a6c5ea0 JavaThread "Monitor Deflation Thread"   daemon [_thread_blocked, id=15248, stack(0x00000092c0a00000,0x00000092c0b00000) (1024K)]
=>0x000002270a6c6d90 JavaThread "C2 CompilerThread0"         daemon [_thread_in_native, id=2836, stack(0x00000092c0b00000,0x00000092c0c00000) (1024K)]
  0x000002270a6cea70 JavaThread "C1 CompilerThread0"         daemon [_thread_blocked, id=16344, stack(0x00000092c0c00000,0x00000092c0d00000) (1024K)]
  0x0000022727643690 JavaThread "Common-Cleaner"             daemon [_thread_blocked, id=16156, stack(0x00000092c0d00000,0x00000092c0e00000) (1024K)]
  0x0000022727672930 JavaThread "Monitor Ctrl-Break"         daemon [_thread_in_native, id=8312, stack(0x00000092c0e00000,0x00000092c0f00000) (1024K)]
  0x00000227276750f0 JavaThread "Notification Thread"        daemon [_thread_blocked, id=2544, stack(0x00000092c0f00000,0x00000092c1000000) (1024K)]
  0x000002272790e3c0 JavaThread "Java2D Disposer"            daemon [_thread_blocked, id=10928, stack(0x00000092c1000000,0x00000092c1100000) (1024K)]
  0x000002272c258780 JavaThread "AWT-Shutdown"                      [_thread_blocked, id=16392, stack(0x00000092c1100000,0x00000092c1200000) (1024K)]
  0x000002272c258f30 JavaThread "AWT-Windows"                daemon [_thread_in_native, id=11360, stack(0x00000092c1200000,0x00000092c1300000) (1024K)]
  0x0000022727805010 JavaThread "EventQueueMonitor-ComponentEvtDispatch" daemon [_thread_blocked, id=5792, stack(0x00000092c1300000,0x00000092c1400000) (1024K)]
  0x000002272c076a30 JavaThread "Thread-1"                   daemon [_thread_in_native, id=14392, stack(0x00000092c1400000,0x00000092c1500000) (1024K)]
  0x000002272c40c460 JavaThread "AWT-EventQueue-0"                  [_thread_blocked, id=14756, stack(0x00000092c1b00000,0x00000092c1c00000) (1024K)]
  0x000002272c40a520 JavaThread "DestroyJavaVM"                     [_thread_blocked, id=9472, stack(0x00000092bfc00000,0x00000092bfd00000) (1024K)]
Total: 18

Other Threads:
  0x000002270a6ab370 VMThread "VM Thread"                           [id=2296, stack(0x00000092c0400000,0x00000092c0500000) (1024K)]
  0x000002272742d0f0 WatcherThread "VM Periodic Task Thread"        [id=8872, stack(0x00000092c0300000,0x00000092c0400000) (1024K)]
  0x000002270a6519a0 WorkerThread "GC Thread#0"                     [id=13660, stack(0x00000092bfd00000,0x00000092bfe00000) (1024K)]
  0x000002272c3a62d0 WorkerThread "GC Thread#1"                     [id=15168, stack(0x00000092c1500000,0x00000092c1600000) (1024K)]
  0x000002272c3a89a0 WorkerThread "GC Thread#2"                     [id=9160, stack(0x00000092c1600000,0x00000092c1700000) (1024K)]
  0x000002272c3a5e80 WorkerThread "GC Thread#3"                     [id=9672, stack(0x00000092c1700000,0x00000092c1800000) (1024K)]
  0x000002270839df40 ConcurrentGCThread "G1 Main Marker"            [id=16240, stack(0x00000092bfe00000,0x00000092bff00000) (1024K)]
  0x000002270a667740 WorkerThread "G1 Conc#0"                       [id=16648, stack(0x00000092bff00000,0x00000092c0000000) (1024K)]
  0x000002270a687d40 WorkerThread "G1 Refinement Workers#0"         [id=10048, stack(0x00000092c0100000,0x00000092c0200000) (1024K)]
  0x000002270a685d70 ConcurrentGCThread "G1 Refine Control"         [id=7304, stack(0x00000092c0000000,0x00000092c0100000) (1024K)]
  0x000002270a68aa40 ConcurrentGCThread "G1 Service"                [id=7172, stack(0x00000092c0200000,0x00000092c0300000) (1024K)]
Total: 11

Threads with active compile tasks:
C2 CompilerThread0  58779939 1496   !   4       sun.awt.PostEventQueue::flush (168 bytes)
Total: 1

VM state: not at safepoint (normal execution)

VM Mutex/Monitor currently owned by a thread: None

Heap address: 0x0000000081400000, size: 2028 MB, Compressed Oops mode: 32-bit

CDS archive(s) mapped at: [0x0000000022000000-0x0000000022de0000-0x0000000022de0000), size 14548992, SharedBaseAddress: 0x0000000022000000, ArchiveRelocationMode: 1.
Compressed class space mapped at: 0x0000000023000000-0x0000000063000000, reserved size: 1073741824
UseCompressedClassPointers 1, UseCompactObjectHeaders 0
Narrow klass pointer bits 32, Max shift 3
Narrow klass base: 0x0000000022000000, Narrow klass shift: 0
Encoding Range: [0x0000000022000000 - 0x0000000122000000), (4294967296 bytes)
Klass Range:    [0x0000000022000000 - 0x0000000063000000), (1090519040 bytes)
Klass ID Range:  [8 - 1090519033) (1090519025)
Protection zone: [0x0000000022000000 - 0x0000000022010000), (65536 bytes)

GC Precious Log:
 CardTable entry size: 512
 Card Set container configuration: InlinePtr #cards 5 size 8 Array Of Cards #cards 10 size 36 Howl #buckets 4 coarsen threshold 1843 Howl Bitmap #cards 512 size 80 coarsen threshold 460 Card regions per heap region 1 cards per card region 2048
 CPUs: 4 total, 4 available
 Memory: 8104M
 Large Page Support: Disabled
 NUMA Support: Disabled
 Compressed Oops: Enabled (32-bit)
 Heap Region Size: 1M
 Heap Min Capacity: 8M
 Heap Initial Capacity: 8M
 Heap Max Capacity: 2028M
 Pre-touch: Disabled
 Parallel Workers: 4
 Concurrent Workers: 1
 Concurrent Refinement Workers: 4
 Periodic GC: Disabled

Heap:
 garbage-first heap   total reserved 2076672K, committed 33792K, used 11003K [0x0000000081400000, 0x0000000100000000)
  region size 1M, 4 eden (4M), 1 survivor (1M), 5 old (5M), 4 humongous (4M), 19 free (19M)

Heap Regions: E=young(eden), S=young(survivor), O=old, HS=humongous(starts), HC=humongous(continues), CS=collection set, F=free, TAMS=top-at-mark-start, PB=parsable bottom
|    0|0x0000000081400000, 0x0000000081500000, 0x0000000081500000|100%| O|  |TAMS 0x0000000081400000| PB 0x0000000081400000| Untracked |  0
|    1|0x0000000081500000, 0x0000000081600000, 0x0000000081600000|100%| O|  |TAMS 0x0000000081500000| PB 0x0000000081500000| Untracked |  0
|    2|0x0000000081600000, 0x0000000081682820, 0x0000000081700000| 50%| S|CS|TAMS 0x0000000081600000| PB 0x0000000081600000| Complete  |  0
|    3|0x0000000081700000, 0x0000000081700000, 0x0000000081800000|  0%| F|  |TAMS 0x0000000081700000| PB 0x0000000081700000| Untracked |  0
|    4|0x0000000081800000, 0x0000000081900000, 0x0000000081900000|100%|HS|  |TAMS 0x0000000081800000| PB 0x0000000081800000| Complete  |  0
|    5|0x0000000081900000, 0x0000000081a00000, 0x0000000081a00000|100%|HC|  |TAMS 0x0000000081900000| PB 0x0000000081900000| Complete  |  0
|    6|0x0000000081a00000, 0x0000000081b00000, 0x0000000081b00000|100%|HS|  |TAMS 0x0000000081a00000| PB 0x0000000081a00000| Complete  |  0
|    7|0x0000000081b00000, 0x0000000081c00000, 0x0000000081c00000|100%|HC|  |TAMS 0x0000000081b00000| PB 0x0000000081b00000| Complete  |  0
|    8|0x0000000081c00000, 0x0000000081c00000, 0x0000000081d00000|  0%| F|  |TAMS 0x0000000081c00000| PB 0x0000000081c00000| Untracked |  0
|    9|0x0000000081d00000, 0x0000000081d00000, 0x0000000081e00000|  0%| F|  |TAMS 0x0000000081d00000| PB 0x0000000081d00000| Untracked |  0
|   10|0x0000000081e00000, 0x0000000081e00000, 0x0000000081f00000|  0%| F|  |TAMS 0x0000000081e00000| PB 0x0000000081e00000| Untracked |  0
|   11|0x0000000081f00000, 0x0000000081f00000, 0x0000000082000000|  0%| F|  |TAMS 0x0000000081f00000| PB 0x0000000081f00000| Untracked |  0
|   12|0x0000000082000000, 0x0000000082000000, 0x0000000082100000|  0%| F|  |TAMS 0x0000000082000000| PB 0x0000000082000000| Untracked |  0
|   13|0x0000000082100000, 0x0000000082100000, 0x0000000082200000|  0%| F|  |TAMS 0x0000000082100000| PB 0x0000000082100000| Untracked |  0
|   14|0x0000000082200000, 0x0000000082200000, 0x0000000082300000|  0%| F|  |TAMS 0x0000000082200000| PB 0x0000000082200000| Untracked |  0
|   15|0x0000000082300000, 0x0000000082300000, 0x0000000082400000|  0%| F|  |TAMS 0x0000000082300000| PB 0x0000000082300000| Untracked |  0
|   16|0x0000000082400000, 0x0000000082400000, 0x0000000082500000|  0%| F|  |TAMS 0x0000000082400000| PB 0x0000000082400000| Untracked |  0
|   17|0x0000000082500000, 0x0000000082500000, 0x0000000082600000|  0%| F|  |TAMS 0x0000000082500000| PB 0x0000000082500000| Untracked |  0
|   18|0x0000000082600000, 0x0000000082600000, 0x0000000082700000|  0%| F|  |TAMS 0x0000000082600000| PB 0x0000000082600000| Untracked |  0
|   19|0x0000000082700000, 0x0000000082700000, 0x0000000082800000|  0%| F|  |TAMS 0x0000000082700000| PB 0x0000000082700000| Untracked |  0
|   20|0x0000000082800000, 0x0000000082800000, 0x0000000082900000|  0%| F|  |TAMS 0x0000000082800000| PB 0x0000000082800000| Untracked |  0
|   21|0x0000000082900000, 0x0000000082900000, 0x0000000082a00000|  0%| F|  |TAMS 0x0000000082900000| PB 0x0000000082900000| Untracked |  0
|   22|0x0000000082a00000, 0x0000000082a00000, 0x0000000082b00000|  0%| F|  |TAMS 0x0000000082a00000| PB 0x0000000082a00000| Untracked |  0
|   23|0x0000000082b00000, 0x0000000082b00000, 0x0000000082c00000|  0%| F|  |TAMS 0x0000000082b00000| PB 0x0000000082b00000| Untracked |  0
|   24|0x0000000082c00000, 0x0000000082c00000, 0x0000000082d00000|  0%| F|  |TAMS 0x0000000082c00000| PB 0x0000000082c00000| Untracked |  0
|   25|0x0000000082d00000, 0x0000000082d00000, 0x0000000082e00000|  0%| F|  |TAMS 0x0000000082d00000| PB 0x0000000082d00000| Untracked |  0
|   26|0x0000000082e00000, 0x0000000082eb5e58, 0x0000000082f00000| 71%| E|CS|TAMS 0x0000000082e00000| PB 0x0000000082e00000| Complete  |  0
|   27|0x0000000082f00000, 0x0000000083000000, 0x0000000083000000|100%| E|CS|TAMS 0x0000000082f00000| PB 0x0000000082f00000| Complete  |  0
|   28|0x0000000083000000, 0x0000000083100000, 0x0000000083100000|100%| E|CS|TAMS 0x0000000083000000| PB 0x0000000083000000| Complete  |  0
|   29|0x0000000083100000, 0x0000000083200000, 0x0000000083200000|100%| E|CS|TAMS 0x0000000083100000| PB 0x0000000083100000| Complete  |  0
| 2025|0x00000000ffd00000, 0x00000000ffd136a0, 0x00000000ffe00000|  7%| O|  |TAMS 0x00000000ffd00000| PB 0x00000000ffd00000| Untracked |  0
| 2026|0x00000000ffe00000, 0x00000000fff00000, 0x00000000fff00000|100%| O|  |TAMS 0x00000000ffe00000| PB 0x00000000ffe00000| Untracked |  0
| 2027|0x00000000fff00000, 0x00000000fff28d80, 0x0000000100000000| 15%| O|Cm|TAMS 0x00000000fff00000| PB 0x00000000fff00000| Complete  |  0

Card table byte_map: [0x00000227226e0000,0x0000022722ae0000] _byte_map_base: 0x00000227222d6000
Refinement table byte_map: [0x0000022722ae0000,0x0000022722ee0000] _byte_map_base: 0x00000227226d6000

Marking Bits: (CMBitMap*) 0x000002270a652120
 Bits: [0x0000022722ee0000, 0x0000022724e90000)

Polling page: 0x00000227085f0000

Metaspace:
Metaspace        used 10572K, committed 10752K, reserved 1114112K
 class space     used 1177K, committed 1280K, reserved 1048576K

Usage:
  Non-class:      9.18 MB used.
      Class:      1.15 MB used.
       Both:     10.32 MB used.

Virtual space:
  Non-class space:       64.00 MB reserved,       9.25 MB ( 14%) committed,  1 nodes.
      Class space:        1.00 GB reserved,       1.25 MB ( <1%) committed,  1 nodes.
             Both:        1.06 GB reserved,      10.50 MB ( <1%) committed. 

Chunk freelists:
   Non-Class:  6.44 MB
       Class:  14.73 MB
        Both:  21.17 MB

MaxMetaspaceSize: unlimited
CompressedClassSpaceSize: 1.00 GB
Initial GC threshold: 21.00 MB
Current GC threshold: 21.00 MB
CDS: on
 - commit_granule_bytes: 65536.
 - commit_granule_words: 8192.
 - virtual_space_node_default_size: 8388608.
 - enlarge_chunks_in_place: 1.
UseCompressedClassPointers 1, UseCompactObjectHeaders 0
Narrow klass pointer bits 32, Max shift 3
Narrow klass base: 0x0000000022000000, Narrow klass shift: 0
Encoding Range: [0x0000000022000000 - 0x0000000122000000), (4294967296 bytes)
Klass Range:    [0x0000000022000000 - 0x0000000063000000), (1090519040 bytes)
Klass ID Range:  [8 - 1090519033) (1090519025)
Protection zone: [0x0000000022000000 - 0x0000000022010000), (65536 bytes)


Internal statistics:

num_allocs_failed_limit: 0.
num_arena_births: 112.
num_arena_deaths: 0.
num_vsnodes_births: 2.
num_vsnodes_deaths: 0.
num_space_committed: 168.
num_space_uncommitted: 0.
num_chunks_returned_to_freelist: 0.
num_chunks_taken_from_freelist: 178.
num_chunk_merges: 0.
num_chunk_splits: 96.
num_chunks_enlarged: 29.
num_inconsistent_stats: 0.

CodeHeap 'non-profiled nmethods': size=120064Kb used=421Kb max_used=421Kb free=119642Kb
 bounds [0x000002271ada0000, 0x000002271b010000, 0x00000227222e0000]
CodeHeap 'profiled nmethods': size=120064Kb used=2147Kb max_used=2147Kb free=117916Kb
 bounds [0x00000227132c0000, 0x0000022713530000, 0x000002271a800000]
CodeHeap 'non-nmethods': size=5760Kb used=1558Kb max_used=1589Kb free=4201Kb
 bounds [0x000002271a800000, 0x000002271aa70000, 0x000002271ada0000]
CodeCache: size=245888Kb, used=4126Kb, max_used=4157Kb, free=241759Kb
 total_blobs=2180, nmethods=1495, adapters=590, full_count=0
Compilation: enabled, stopped_count=0, restarted_count=0

Compilation events (20 events):
Event: 58721.027 Thread 0x000002270a6cea70 nmethod 1487 0x00000227134d7708 code [0x00000227134d7800, 0x00000227134d7970]
Event: 58721.027 Thread 0x000002270a6cea70 1486       1       javax.swing.AbstractButton::getModel (5 bytes)
Event: 58721.028 Thread 0x000002270a6cea70 nmethod 1486 0x000002271ae08088 code [0x000002271ae08180, 0x000002271ae08238]
Event: 58721.028 Thread 0x000002270a6cea70 1488       1       sun.awt.SunHints$Value::getIndex (5 bytes)
Event: 58721.028 Thread 0x000002270a6cea70 nmethod 1488 0x000002271ae08388 code [0x000002271ae08480, 0x000002271ae08538]
Event: 58721.028 Thread 0x000002270a6cea70 1489       1       sun.awt.image.VolatileSurfaceManager::getPrimarySurfaceData (5 bytes)
Event: 58721.028 Thread 0x000002270a6cea70 nmethod 1489 0x000002271ae08688 code [0x000002271ae08780, 0x000002271ae08838]
Event: 58722.054 Thread 0x000002270a6cea70 1490       3       sun.java2d.pipe.Region::getIntersectionXYXY (108 bytes)
Event: 58722.056 Thread 0x000002270a6cea70 nmethod 1490 0x00000227134d7a08 code [0x00000227134d7b00, 0x00000227134d8428]
Event: 58722.057 Thread 0x000002270a6cea70 1491       3       sun.java2d.pipe.Region::isInsideXYXY (39 bytes)
Event: 58722.057 Thread 0x000002270a6cea70 nmethod 1491 0x00000227134d8488 code [0x00000227134d8580, 0x00000227134d8750]
Event: 58722.057 Thread 0x000002270a6cea70 1492       3       sun.java2d.pipe.Region::isInsideQuickCheck (57 bytes)
Event: 58722.058 Thread 0x000002270a6cea70 nmethod 1492 0x00000227134d8788 code [0x00000227134d8880, 0x00000227134d8a98]
Event: 58722.063 Thread 0x000002270a6cea70 1493       1       java.awt.event.MouseEvent::getButton (5 bytes)
Event: 58722.064 Thread 0x000002270a6cea70 nmethod 1493 0x000002271ae08988 code [0x000002271ae08a80, 0x000002271ae08b38]
Event: 58722.066 Thread 0x000002270a6cea70 1494       3       sun.java2d.SunGraphics2D::dispose (12 bytes)
Event: 58722.067 Thread 0x000002270a6cea70 nmethod 1494 0x00000227134d8b08 code [0x00000227134d8c00, 0x00000227134d8e10]
Event: 58723.101 Thread 0x000002270a6c6d90 1495       4       java.awt.Toolkit$SelectiveAWTEventListener::eventDispatched (745 bytes)
Event: 58723.130 Thread 0x000002270a6c6d90 nmethod 1495 0x000002271ae08c88 code [0x000002271ae08d80, 0x000002271ae09478]
Event: 58779.145 Thread 0x000002270a6c6d90 1496   !   4       sun.awt.PostEventQueue::flush (168 bytes)

GC Heap Usage History (8 events):
Event: 0.526 {heap Before GC invocations=0 (full 0):
 garbage-first heap   total reserved 2076672K, committed 10240K, used 5283K [0x0000000081400000, 0x0000000100000000)
  region size 1M, 4 eden (4M), 0 survivor (0M), 2 old (2M), 0 humongous (0M), 4 free (4M)
}
Event: 0.531 {heap After GC invocations=1 (full 0):
 garbage-first heap   total reserved 2076672K, committed 10240K, used 2211K [0x0000000081400000, 0x0000000100000000)
  region size 1M, 0 eden (0M), 1 survivor (1M), 2 old (2M), 0 humongous (0M), 7 free (7M)
}
Event: 0.610 {heap Before GC invocations=1 (full 0):
 garbage-first heap   total reserved 2076672K, committed 10240K, used 3235K [0x0000000081400000, 0x0000000100000000)
  region size 1M, 2 eden (2M), 1 survivor (1M), 2 old (2M), 0 humongous (0M), 5 free (5M)
}
Event: 0.613 {heap After GC invocations=2 (full 0):
 garbage-first heap   total reserved 2076672K, committed 10240K, used 2398K [0x0000000081400000, 0x0000000100000000)
  region size 1M, 0 eden (0M), 1 survivor (1M), 3 old (3M), 0 humongous (0M), 6 free (6M)
}
Event: 0.766 {heap Before GC invocations=2 (full 0):
 garbage-first heap   total reserved 2076672K, committed 10240K, used 4446K [0x0000000081400000, 0x0000000100000000)
  region size 1M, 3 eden (3M), 1 survivor (1M), 3 old (3M), 0 humongous (0M), 3 free (3M)
}
Event: 0.768 {heap After GC invocations=3 (full 0):
 garbage-first heap   total reserved 2076672K, committed 10240K, used 3292K [0x0000000081400000, 0x0000000100000000)
  region size 1M, 0 eden (0M), 1 survivor (1M), 4 old (4M), 0 humongous (0M), 5 free (5M)
}
Event: 1.071 {heap Before GC invocations=4 (full 0):
 garbage-first heap   total reserved 2076672K, committed 10240K, used 7388K [0x0000000081400000, 0x0000000100000000)
  region size 1M, 2 eden (2M), 1 survivor (1M), 4 old (4M), 2 humongous (2M), 1 free (1M)
}
Event: 1.075 {heap After GC invocations=5 (full 0):
 garbage-first heap   total reserved 2076672K, committed 33792K, used 5883K [0x0000000081400000, 0x0000000100000000)
  region size 1M, 0 eden (0M), 1 survivor (1M), 5 old (5M), 2 humongous (2M), 25 free (25M)
}

Metaspace Usage History (8 events):
Event: 0.526 {metaspace Before GC invocations=0 (full 0):
 Metaspace       used 4344K, committed 4544K, reserved 1114112K
  class space    used 414K, committed 512K, reserved 1048576K
}
Event: 0.531 {metaspace After GC invocations=1 (full 0):
 Metaspace       used 4344K, committed 4544K, reserved 1114112K
  class space    used 414K, committed 512K, reserved 1048576K
}
Event: 0.610 {metaspace Before GC invocations=1 (full 0):
 Metaspace       used 4518K, committed 4672K, reserved 1114112K
  class space    used 452K, committed 512K, reserved 1048576K
}
Event: 0.613 {metaspace After GC invocations=2 (full 0):
 Metaspace       used 4518K, committed 4672K, reserved 1114112K
  class space    used 452K, committed 512K, reserved 1048576K
}
Event: 0.766 {metaspace Before GC invocations=2 (full 0):
 Metaspace       used 5370K, committed 5568K, reserved 1114112K
  class space    used 541K, committed 640K, reserved 1048576K
}
Event: 0.768 {metaspace After GC invocations=3 (full 0):
 Metaspace       used 5370K, committed 5568K, reserved 1114112K
  class space    used 541K, committed 640K, reserved 1048576K
}
Event: 1.071 {metaspace Before GC invocations=4 (full 0):
 Metaspace       used 7771K, committed 8000K, reserved 1114112K
  class space    used 891K, committed 1024K, reserved 1048576K
}
Event: 1.075 {metaspace After GC invocations=5 (full 0):
 Metaspace       used 7771K, committed 8000K, reserved 1114112K
  class space    used 891K, committed 1024K, reserved 1048576K
}

Dll operation events (20 events):
Event: 0.191 Attempting to load shared library C:\Program Files\Java\jdk-26.0.1\bin\instrument.dll
Event: 0.191 Loaded shared library C:\Program Files\Java\jdk-26.0.1\bin\instrument.dll
Event: 0.201 Attempting to load shared library C:\Program Files\Java\jdk-26.0.1\bin\net.dll
Event: 0.202 Loaded shared library C:\Program Files\Java\jdk-26.0.1\bin\net.dll
Event: 0.204 Attempting to load shared library C:\Program Files\Java\jdk-26.0.1\bin\nio.dll
Event: 0.205 Loaded shared library C:\Program Files\Java\jdk-26.0.1\bin\nio.dll
Event: 0.221 Attempting to load shared library C:\Program Files\Java\jdk-26.0.1\bin\zip.dll
Event: 0.221 Loaded shared library C:\Program Files\Java\jdk-26.0.1\bin\zip.dll
Event: 0.277 Attempting to load shared library C:\Program Files\Java\jdk-26.0.1\bin\jimage.dll
Event: 0.277 Loaded shared library C:\Program Files\Java\jdk-26.0.1\bin\jimage.dll
Event: 0.278 Attempting to load shared library C:\Program Files\Java\jdk-26.0.1\bin\extnet.dll
Event: 0.279 Loaded shared library C:\Program Files\Java\jdk-26.0.1\bin\extnet.dll
Event: 0.301 Attempting to load shared library C:\Program Files\Java\jdk-26.0.1\bin\awt.dll
Event: 0.303 Loaded shared library C:\Program Files\Java\jdk-26.0.1\bin\awt.dll
Event: 0.414 Attempting to load shared library C:\Program Files\Java\jdk-26.0.1\bin\javaaccessbridge.dll
Event: 0.416 Loaded shared library C:\Program Files\Java\jdk-26.0.1\bin\javaaccessbridge.dll
Event: 1.153 Attempting to load shared library C:\Program Files\Java\jdk-26.0.1\bin\freetype.dll
Event: 1.153 Loaded shared library C:\Program Files\Java\jdk-26.0.1\bin\freetype.dll
Event: 1.155 Attempting to load shared library C:\Program Files\Java\jdk-26.0.1\bin\fontmanager.dll
Event: 1.155 Loaded shared library C:\Program Files\Java\jdk-26.0.1\bin\fontmanager.dll

Deoptimization events (20 events):
Event: 1.415 Thread 0x000002272c40c460 Uncommon trap: trap_request=0xffffffc6 fr.pc=0x000002271adecc3c relative=0x000000000000043c
Event: 1.415 Thread 0x000002272c40c460 Uncommon trap: reason=bimorphic_or_optimized_type_check action=maybe_recompile pc=0x000002271adecc3c method=java.util.concurrent.ConcurrentHashMap.get(Ljava/lang/Object;)Ljava/lang/Object; @ 149 c2
Event: 1.415 Thread 0x000002272c40c460 DEOPT PACKING pc=0x000002271adecc3c sp=0x00000092c1bfd2f0
Event: 1.415 Thread 0x000002272c40c460 DEOPT UNPACKING pc=0x000002271a921882 sp=0x00000092c1bfd270 mode 2
Event: 1.426 Thread 0x000002272c40c460 Uncommon trap: trap_request=0xffffffc6 fr.pc=0x000002271adecc3c relative=0x000000000000043c
Event: 1.426 Thread 0x000002272c40c460 Uncommon trap: reason=bimorphic_or_optimized_type_check action=maybe_recompile pc=0x000002271adecc3c method=java.util.concurrent.ConcurrentHashMap.get(Ljava/lang/Object;)Ljava/lang/Object; @ 149 c2
Event: 1.426 Thread 0x000002272c40c460 DEOPT PACKING pc=0x000002271adecc3c sp=0x00000092c1bfd2b0
Event: 1.426 Thread 0x000002272c40c460 DEOPT UNPACKING pc=0x000002271a921882 sp=0x00000092c1bfd230 mode 2
Event: 1.460 Thread 0x000002272c40c460 Uncommon trap: trap_request=0xffffffc6 fr.pc=0x000002271adecc3c relative=0x000000000000043c
Event: 1.460 Thread 0x000002272c40c460 Uncommon trap: reason=bimorphic_or_optimized_type_check action=maybe_recompile pc=0x000002271adecc3c method=java.util.concurrent.ConcurrentHashMap.get(Ljava/lang/Object;)Ljava/lang/Object; @ 149 c2
Event: 1.460 Thread 0x000002272c40c460 DEOPT PACKING pc=0x000002271adecc3c sp=0x00000092c1bfd700
Event: 1.460 Thread 0x000002272c40c460 DEOPT UNPACKING pc=0x000002271a921882 sp=0x00000092c1bfd680 mode 2
Event: 14.690 Thread 0x000002272c40c460 Uncommon trap: trap_request=0xffffffde fr.pc=0x000002271adae250 relative=0x00000000000001d0
Event: 14.690 Thread 0x000002272c40c460 Uncommon trap: reason=class_check action=maybe_recompile pc=0x000002271adae250 method=java.lang.String.equals(Ljava/lang/Object;)Z @ 8 c2
Event: 14.690 Thread 0x000002272c40c460 DEOPT PACKING pc=0x000002271adae250 sp=0x00000092c1bfe2f0
Event: 14.690 Thread 0x000002272c40c460 DEOPT UNPACKING pc=0x000002271a921882 sp=0x00000092c1bfe288 mode 2
Event: 818.990 Thread 0x000002272c40c460 Uncommon trap: trap_request=0xffffff45 fr.pc=0x000002271ae050fc relative=0x000000000000127c
Event: 818.990 Thread 0x000002272c40c460 Uncommon trap: reason=unstable_if action=reinterpret pc=0x000002271ae050fc method=java.awt.Container$MouseEventTargetFilter.accept(Ljava/awt/Component;)Z @ 10 c2
Event: 818.990 Thread 0x000002272c40c460 DEOPT PACKING pc=0x000002271ae050fc sp=0x00000092c1bfe8f0
Event: 818.990 Thread 0x000002272c40c460 DEOPT UNPACKING pc=0x000002271a921882 sp=0x00000092c1bfe6c0 mode 2

Classes loaded (20 events):
Event: 1.542 Loading class java/awt/Cursor$CursorDisposer
Event: 1.542 Loading class java/awt/Cursor$CursorDisposer done
Event: 1.543 Loading class java/awt/Container$MouseEventTargetFilter
Event: 1.543 Loading class java/awt/Container$EventTargetFilter
Event: 1.543 Loading class java/awt/Container$EventTargetFilter done
Event: 1.543 Loading class java/awt/Container$MouseEventTargetFilter done
Event: 1.543 Loading class java/awt/event/MouseWheelEvent
Event: 1.544 Loading class java/awt/event/MouseWheelEvent done
Event: 4.231 Loading class java/awt/Canvas
Event: 4.231 Loading class java/awt/Canvas done
Event: 4.231 Loading class java/awt/Scrollbar
Event: 4.231 Loading class java/awt/Scrollbar done
Event: 4.232 Loading class java/awt/Panel
Event: 4.232 Loading class java/awt/Panel done
Event: 14.689 Loading class javax/swing/JInternalFrame
Event: 14.690 Loading class javax/swing/JInternalFrame done
Event: 828.054 Loading class java/awt/desktop/SystemSleepListener
Event: 828.054 Loading class java/awt/desktop/SystemEventListener
Event: 828.054 Loading class java/awt/desktop/SystemEventListener done
Event: 828.054 Loading class java/awt/desktop/SystemSleepListener done

Classes unloaded (0 events):
No events

Classes redefined (0 events):
No events

Internal exceptions (20 events):
Event: 0.630 Thread 0x000002270a6133d0 Exception <a 'java/lang/ClassNotFoundException'{0x0000000081b52a78}: com/sun/swing/internal/plaf/metal/resources/spi/metalProvider> (0x0000000081b52a78) 
thrown [s\open\src\hotspot\share\classfile\systemDictionary.cpp, line 329]
Event: 0.632 Thread 0x000002270a6133d0 Exception <a 'java/lang/ClassNotFoundException'{0x0000000081b56830}: com/sun/swing/internal/plaf/basic/resources/spi/basicProvider> (0x0000000081b56830) 
thrown [s\open\src\hotspot\share\classfile\systemDictionary.cpp, line 329]
Event: 0.652 Thread 0x000002270a6133d0 Exception <a 'java/lang/NoSuchMethodError'{0x0000000081b7d000}: 'int java.lang.invoke.Invokers$Holder.invokeExact_MT(java.lang.Object, java.lang.Object)'> (0x0000000081b7d000) 
thrown [s\open\src\hotspot\share\interpreter\linkResolver.cpp, line 804]
Event: 1.099 Thread 0x000002270a6133d0 Exception <a 'java/lang/NoSuchMethodError'{0x0000000083182d40}: 'java.lang.Object java.lang.invoke.DirectMethodHandle$Holder.newInvokeSpecial(java.lang.Object, java.lang.Object, java.lang.Object, int)'> (0x0000000083182d40) 
thrown [s\open\src\hotspot\share\interpreter\linkResolver.cpp, line 804]
Event: 1.101 Thread 0x000002270a6133d0 Exception <a 'java/lang/NoSuchMethodError'{0x000000008318bbb8}: 'java.lang.Object java.lang.invoke.Invokers$Holder.linkToTargetMethod(java.lang.Object, java.lang.Object, int, java.lang.Object)'> (0x000000008318bbb8) 
thrown [s\open\src\hotspot\share\interpreter\linkResolver.cpp, line 804]
Event: 1.145 Thread 0x000002270a6133d0 Exception <a 'java/lang/NoSuchMethodError'{0x00000000831c1608}: 'void java.lang.invoke.DirectMethodHandle$Holder.invokeStaticInit(java.lang.Object)'> (0x00000000831c1608) 
thrown [s\open\src\hotspot\share\interpreter\linkResolver.cpp, line 804]
Event: 1.164 Thread 0x000002270a6133d0 Exception <a 'java/lang/NoSuchMethodError'{0x00000000831d6238}: 'long java.lang.invoke.DirectMethodHandle$Holder.invokeStatic(java.lang.Object, java.lang.Object)'> (0x00000000831d6238) 
thrown [s\open\src\hotspot\share\interpreter\linkResolver.cpp, line 804]
Event: 1.165 Thread 0x000002270a6133d0 Exception <a 'java/lang/NoSuchMethodError'{0x00000000831de4d0}: 'long java.lang.invoke.DirectMethodHandle$Holder.invokeStaticInit(java.lang.Object, java.lang.Object)'> (0x00000000831de4d0) 
thrown [s\open\src\hotspot\share\interpreter\linkResolver.cpp, line 804]
Event: 1.167 Thread 0x000002270a6133d0 Exception <a 'java/lang/NoSuchMethodError'{0x00000000831e2b98}: 'java.lang.Object java.lang.invoke.DirectMethodHandle$Holder.invokeStatic(java.lang.Object, long, java.lang.Object)'> (0x00000000831e2b98) 
thrown [s\open\src\hotspot\share\interpreter\linkResolver.cpp, line 804]
Event: 1.168 Thread 0x000002270a6133d0 Exception <a 'java/lang/NoSuchMethodError'{0x00000000831eef48}: 'java.lang.Object java.lang.invoke.DirectMethodHandle$Holder.invokeStaticInit(java.lang.Object, long, java.lang.Object)'> (0x00000000831eef48) 
thrown [s\open\src\hotspot\share\interpreter\linkResolver.cpp, line 804]
Event: 1.169 Thread 0x000002270a6133d0 Exception <a 'java/lang/NoSuchMethodError'{0x00000000831f7610}: 'java.lang.Object java.lang.invoke.DirectMethodHandle$Holder.invokeStatic(java.lang.Object, long)'> (0x00000000831f7610) 
thrown [s\open\src\hotspot\share\interpreter\linkResolver.cpp, line 804]
Event: 1.170 Thread 0x000002270a6133d0 Exception <a 'java/lang/NoSuchMethodError'{0x00000000831ff8b0}: 'java.lang.Object java.lang.invoke.DirectMethodHandle$Holder.invokeStaticInit(java.lang.Object, long)'> (0x00000000831ff8b0) 
thrown [s\open\src\hotspot\share\interpreter\linkResolver.cpp, line 804]
Event: 1.181 Thread 0x000002270a6133d0 Exception <a 'java/lang/NoSuchMethodError'{0x00000000830291b8}: 'long java.lang.invoke.DirectMethodHandle$Holder.invokeStaticInit(java.lang.Object, long, long, long, long)'> (0x00000000830291b8) 
thrown [s\open\src\hotspot\share\interpreter\linkResolver.cpp, line 804]
Event: 1.182 Thread 0x000002270a6133d0 Exception <a 'java/lang/NoSuchMethodError'{0x000000008302dc08}: 'java.lang.Object java.lang.invoke.DirectMethodHandle$Holder.invokeInterface(java.lang.Object, java.lang.Object, long, long)'> (0x000000008302dc08) 
thrown [s\open\src\hotspot\share\interpreter\linkResolver.cpp, line 804]
Event: 1.184 Thread 0x000002270a6133d0 Exception <a 'java/lang/NoSuchMethodError'{0x000000008304aed8}: 'void java.lang.invoke.DirectMethodHandle$Holder.invokeStaticInit(java.lang.Object, java.lang.Object, long, java.lang.Object)'> (0x000000008304aed8) 
thrown [s\open\src\hotspot\share\interpreter\linkResolver.cpp, line 804]
Event: 1.186 Thread 0x000002270a6133d0 Exception <a 'java/lang/NoSuchMethodError'{0x000000008304fb00}: 'long java.lang.invoke.DirectMethodHandle$Holder.invokeStatic(java.lang.Object, long, long)'> (0x000000008304fb00) 
thrown [s\open\src\hotspot\share\interpreter\linkResolver.cpp, line 804]
Event: 1.193 Thread 0x000002270a6133d0 Exception <a 'java/lang/NoSuchMethodError'{0x0000000083076b90}: 'java.lang.Object java.lang.invoke.DirectMethodHandle$Holder.newInvokeSpecial(java.lang.Object, int, java.lang.Object)'> (0x0000000083076b90) 
thrown [s\open\src\hotspot\share\interpreter\linkResolver.cpp, line 804]
Event: 1.345 Thread 0x000002272c40c460 Exception <a 'java/lang/NoSuchMethodError'{0x0000000082f3b358}: 'void java.lang.invoke.DelegatingMethodHandle$Holder.reinvoke_L(java.lang.Object, java.lang.Object, java.lang.Object, long, float)'> (0x0000000082f3b358) 
thrown [s\open\src\hotspot\share\interpreter\linkResolver.cpp, line 804]
Event: 1.352 Thread 0x000002272c40c460 Exception <a 'java/lang/NoSuchMethodError'{0x0000000082f546d8}: 'java.lang.Object java.lang.invoke.DirectMethodHandle$Holder.invokeStatic(java.lang.Object, java.lang.Object, java.lang.Object, java.lang.Object, long)'> (0x0000000082f546d8) 
thrown [s\open\src\hotspot\share\interpreter\linkResolver.cpp, line 804]
Event: 1.358 Thread 0x000002272c40c460 Exception <a 'java/lang/NoSuchMethodError'{0x0000000082f77a50}: 'float java.lang.invoke.DelegatingMethodHandle$Holder.reinvoke_L(java.lang.Object, java.lang.Object, java.lang.Object, long)'> (0x0000000082f77a50) 
thrown [s\open\src\hotspot\share\interpreter\linkResolver.cpp, line 804]

VM Operations (20 events):
Event: 541.172 Executing non-safepoint VM operation: HandshakeAllThreads (DeflationHandshakeClosure)
Event: 541.172 Executing non-safepoint VM operation: HandshakeAllThreads (DeflationHandshakeClosure) done
Event: 541.172 Executing non-safepoint VM operation: RendezvousGCThreads
Event: 541.172 Executing non-safepoint VM operation: RendezvousGCThreads done
Event: 721.575 Executing non-safepoint VM operation: HandshakeAllThreads (DeflationHandshakeClosure)
Event: 721.575 Executing non-safepoint VM operation: HandshakeAllThreads (DeflationHandshakeClosure) done
Event: 721.575 Executing non-safepoint VM operation: RendezvousGCThreads
Event: 721.575 Executing non-safepoint VM operation: RendezvousGCThreads done
Event: 11630.784 Executing non-safepoint VM operation: HandshakeAllThreads (DeflationHandshakeClosure)
Event: 11630.784 Executing non-safepoint VM operation: HandshakeAllThreads (DeflationHandshakeClosure) done
Event: 11630.784 Executing non-safepoint VM operation: RendezvousGCThreads
Event: 11630.784 Executing non-safepoint VM operation: RendezvousGCThreads done
Event: 58356.384 Executing non-safepoint VM operation: HandshakeAllThreads (DeflationHandshakeClosure)
Event: 58356.384 Executing non-safepoint VM operation: HandshakeAllThreads (DeflationHandshakeClosure) done
Event: 58356.384 Executing non-safepoint VM operation: RendezvousGCThreads
Event: 58356.384 Executing non-safepoint VM operation: RendezvousGCThreads done
Event: 58777.145 Executing non-safepoint VM operation: HandshakeAllThreads (DeflationHandshakeClosure)
Event: 58777.145 Executing non-safepoint VM operation: HandshakeAllThreads (DeflationHandshakeClosure) done
Event: 58777.145 Executing non-safepoint VM operation: RendezvousGCThreads
Event: 58777.145 Executing non-safepoint VM operation: RendezvousGCThreads done

Memory protections (0 events):
No events

Nmethod flushes (0 events):
No events

Events (20 events):
Event: 0.095 Thread 0x000002270a6133d0 Thread added: 0x000002270a6c5ea0
Event: 0.096 Thread 0x000002270a6133d0 Thread added: 0x000002270a6c6d90
Event: 0.096 Thread 0x000002270a6133d0 Thread added: 0x000002270a6cea70
Event: 0.199 Thread 0x000002270a6133d0 Thread added: 0x0000022727643690
Event: 0.250 Thread 0x000002270a6133d0 Thread added: 0x0000022727672930
Event: 0.250 Thread 0x000002270a6133d0 Thread added: 0x00000227276750f0
Event: 0.394 Thread 0x000002270a6133d0 Thread added: 0x000002272790e3c0
Event: 0.395 Thread 0x000002270a6133d0 Thread added: 0x000002272c258780
Event: 0.396 Thread 0x000002270a6133d0 Thread added: 0x000002272c258f30
Event: 0.432 Thread 0x000002270a6133d0 Thread added: 0x0000022727805010
Event: 0.448 Thread 0x000002270a6133d0 Thread added: 0x000002272c076a30
Event: 0.663 Thread 0x000002270a6133d0 Thread added: 0x000002272c409d20
Event: 0.747 Thread 0x000002270a6c6d90 Thread added: 0x000002272c4929c0
Event: 0.844 Thread 0x000002270a6133d0 Thread added: 0x000002272c43def0
Event: 0.983 Thread 0x000002270a6133d0 Thread added: 0x000002272c40c460
Event: 1.302 Thread 0x000002270a6133d0 Thread exited: 0x000002270a6133d0
Event: 1.302 Thread 0x000002272c40a520 Thread added: 0x000002272c40a520
Event: 1.562 Thread 0x000002272c4929c0 Thread exited: 0x000002272c4929c0
Event: 5.860 Thread 0x000002272c409d20 Thread exited: 0x000002272c409d20
Event: 5.915 Thread 0x000002272c43def0 Thread exited: 0x000002272c43def0


Dynamic libraries:
0x00007ff6cc560000 - 0x00007ff6cc570000 	C:\Program Files\Java\jdk-26.0.1\bin\java.exe
0x00007ffb8e1d0000 - 0x00007ffb8e3c8000 	C:\Windows\SYSTEM32\ntdll.dll
0x00007ffb8d4d0000 - 0x00007ffb8d592000 	C:\Windows\System32\KERNEL32.DLL
0x00007ffb8bb70000 - 0x00007ffb8be66000 	C:\Windows\System32\KERNELBASE.dll
0x00007ffb8bfd0000 - 0x00007ffb8c0d0000 	C:\Windows\System32\ucrtbase.dll
0x00007ffb79e40000 - 0x00007ffb79e5e000 	C:\Program Files\Java\jdk-26.0.1\bin\VCRUNTIME140.dll
0x00007ffb75ae0000 - 0x00007ffb75af7000 	C:\Program Files\Java\jdk-26.0.1\bin\jli.dll
0x00007ffb8d050000 - 0x00007ffb8d1f1000 	C:\Windows\System32\USER32.dll
0x00007ffb8c0d0000 - 0x00007ffb8c0f2000 	C:\Windows\System32\win32u.dll
0x00007ffb8d3c0000 - 0x00007ffb8d3eb000 	C:\Windows\System32\GDI32.dll
0x00007ffb8b8e0000 - 0x00007ffb8b9f9000 	C:\Windows\System32\gdi32full.dll
0x00007ffb79aa0000 - 0x00007ffb79d3b000 	C:\Windows\WinSxS\amd64_microsoft.windows.common-controls_6595b64144ccf1df_6.0.19041.6456_none_60b8a6cb71f64256\COMCTL32.dll
0x00007ffb8c100000 - 0x00007ffb8c19d000 	C:\Windows\System32\msvcp_win.dll
0x00007ffb8cfb0000 - 0x00007ffb8d04e000 	C:\Windows\System32\msvcrt.dll
0x00007ffb8d7a0000 - 0x00007ffb8d7cf000 	C:\Windows\System32\IMM32.DLL
0x00007ffb87ed0000 - 0x00007ffb87edc000 	C:\Program Files\Java\jdk-26.0.1\bin\vcruntime140_1.dll
0x00007ffb75a50000 - 0x00007ffb75add000 	C:\Program Files\Java\jdk-26.0.1\bin\msvcp140.dll
0x00007ffb5ba50000 - 0x00007ffb5c91e000 	C:\Program Files\Java\jdk-26.0.1\bin\server\jvm.dll
0x00007ffb8d5a0000 - 0x00007ffb8d651000 	C:\Windows\System32\ADVAPI32.dll
0x00007ffb8cc50000 - 0x00007ffb8ccef000 	C:\Windows\System32\sechost.dll
0x00007ffb8c640000 - 0x00007ffb8c760000 	C:\Windows\System32\RPCRT4.dll
0x00007ffb8bab0000 - 0x00007ffb8bad7000 	C:\Windows\System32\bcrypt.dll
0x00007ffb8d2b0000 - 0x00007ffb8d31b000 	C:\Windows\System32\WS2_32.dll
0x00007ffb8b610000 - 0x00007ffb8b65b000 	C:\Windows\SYSTEM32\POWRPROF.dll
0x00007ffb7b4f0000 - 0x00007ffb7b517000 	C:\Windows\SYSTEM32\WINMM.dll
0x00007ffb88890000 - 0x00007ffb8889a000 	C:\Windows\SYSTEM32\VERSION.dll
0x00007ffb8b580000 - 0x00007ffb8b592000 	C:\Windows\SYSTEM32\UMPDC.dll
0x00007ffb8a070000 - 0x00007ffb8a082000 	C:\Windows\SYSTEM32\kernel.appcore.dll
0x00007ffb76c70000 - 0x00007ffb76c7a000 	C:\Program Files\Java\jdk-26.0.1\bin\jimage.dll
0x00007ffb79f40000 - 0x00007ffb7a141000 	C:\Windows\SYSTEM32\DBGHELP.DLL
0x00007ffb84c80000 - 0x00007ffb84cb4000 	C:\Windows\SYSTEM32\dbgcore.DLL
0x00007ffb8bae0000 - 0x00007ffb8bb62000 	C:\Windows\System32\bcryptPrimitives.dll
0x00007ffb76170000 - 0x00007ffb76180000 	C:\Program Files\Java\jdk-26.0.1\bin\instrument.dll
0x00007ffb75a30000 - 0x00007ffb75a4f000 	C:\Program Files\Java\jdk-26.0.1\bin\java.dll
0x00007ffb8d7d0000 - 0x00007ffb8d8fb000 	C:\Windows\System32\ole32.dll
0x00007ffb8c250000 - 0x00007ffb8c5a4000 	C:\Windows\System32\combase.dll
0x00007ffb8d900000 - 0x00007ffb8e070000 	C:\Windows\System32\SHELL32.dll
0x00007ffb89890000 - 0x00007ffb8a035000 	C:\Windows\SYSTEM32\windows.storage.dll
0x00007ffb8b1b0000 - 0x00007ffb8b1db000 	C:\Windows\SYSTEM32\Wldp.dll
0x00007ffb8d670000 - 0x00007ffb8d73d000 	C:\Windows\System32\OLEAUT32.dll
0x00007ffb8cd50000 - 0x00007ffb8cdfd000 	C:\Windows\System32\SHCORE.dll
0x00007ffb8d740000 - 0x00007ffb8d79b000 	C:\Windows\System32\shlwapi.dll
0x00007ffb8b790000 - 0x00007ffb8b7b4000 	C:\Windows\SYSTEM32\profapi.dll
0x00007ffb75a10000 - 0x00007ffb75a27000 	C:\Program Files\Java\jdk-26.0.1\bin\zip.dll
0x00007ffb759f0000 - 0x00007ffb75a02000 	C:\Program Files\Java\jdk-26.0.1\bin\net.dll
0x00007ffb8af10000 - 0x00007ffb8af7a000 	C:\Windows\system32\mswsock.dll
0x00007ffb759d0000 - 0x00007ffb759e6000 	C:\Program Files\Java\jdk-26.0.1\bin\nio.dll
0x00007ffb759c0000 - 0x00007ffb759c9000 	C:\Program Files\Java\jdk-26.0.1\bin\extnet.dll
0x00007ffb72c60000 - 0x00007ffb72de5000 	C:\Program Files\Java\jdk-26.0.1\bin\awt.dll
0x00007ffb88190000 - 0x00007ffb88224000 	C:\Windows\SYSTEM32\apphelp.dll
0x00007ffb891e0000 - 0x00007ffb8920e000 	C:\Windows\system32\DWMAPI.DLL
0x00007ffb88ed0000 - 0x00007ffb88f6e000 	C:\Windows\system32\uxtheme.dll
0x00007ffb67e80000 - 0x00007ffb67fa8000 	C:\Windows\system32\opengl32.dll
0x00007ffb67a40000 - 0x00007ffb67a6c000 	C:\Windows\SYSTEM32\GLU32.dll
0x00007ffb8e070000 - 0x00007ffb8e185000 	C:\Windows\System32\MSCTF.dll
0x00007ffb72c10000 - 0x00007ffb72c5f000 	C:\Program Files\Java\jdk-26.0.1\bin\javaaccessbridge.dll
0x00007ffb759b0000 - 0x00007ffb759b7000 	C:\Program Files\Java\jdk-26.0.1\bin\jawt.dll
0x00007ffb72580000 - 0x00007ffb7260b000 	C:\Program Files\Java\jdk-26.0.1\bin\freetype.dll
0x00007ffb72490000 - 0x00007ffb7257f000 	C:\Program Files\Java\jdk-26.0.1\bin\fontmanager.dll
0x00007ffb8d200000 - 0x00007ffb8d2a9000 	C:\Windows\System32\clbcatq.dll
0x00007ffb88c20000 - 0x00007ffb88dd6000 	C:\Windows\SYSTEM32\WindowsCodecs.dll
0x00007ffb68020000 - 0x00007ffb6805e000 	C:\Windows\system32\dataexchange.dll
0x00007ffb85ff0000 - 0x00007ffb86254000 	C:\Windows\system32\d3d11.dll
0x00007ffb863b0000 - 0x00007ffb86594000 	C:\Windows\system32\dcomp.dll
0x00007ffb8a0e0000 - 0x00007ffb8a1d6000 	C:\Windows\system32\dxgi.dll
0x00007ffb819b0000 - 0x00007ffb81bb3000 	C:\Windows\system32\twinapi.appcore.dll
0x00007ffb80660000 - 0x00007ffb80759000 	C:\Windows\SYSTEM32\textinputframework.dll
0x00007ffb87150000 - 0x00007ffb874ab000 	C:\Windows\System32\CoreUIComponents.dll
0x00007ffb87520000 - 0x00007ffb87612000 	C:\Windows\System32\CoreMessaging.dll
0x00007ffb87870000 - 0x00007ffb879c7000 	C:\Windows\SYSTEM32\wintypes.dll
0x00007ffb8aa80000 - 0x00007ffb8aab3000 	C:\Windows\SYSTEM32\ntmarta.dll
0x00007ffb77e10000 - 0x00007ffb77e76000 	C:\Windows\system32\Oleacc.dll

JVMTI agents:
C:\Program Files\JetBrains\IntelliJ IDEA 2026.1.3\lib\idea_rt.jar path:C:\Program Files\Java\jdk-26.0.1\bin\instrument.dll, loaded, initialized, instrumentlib options:52483

dbghelp: loaded successfully - version: 4.0.5 - missing functions: none
symbol engine: initialized successfully - sym options: 0x614 - pdb path: .;C:\Program Files\Java\jdk-26.0.1\bin;C:\Windows\SYSTEM32;C:\Windows\WinSxS\amd64_microsoft.windows.common-controls_6595b64144ccf1df_6.0.19041.6456_none_60b8a6cb71f64256;C:\Program Files\Java\jdk-26.0.1\bin\server

VM Arguments:
jvm_args: -javaagent:C:\Program Files\JetBrains\IntelliJ IDEA 2026.1.3\lib\idea_rt.jar=52483 -Dfile.encoding=UTF-8 -Dsun.stdout.encoding=UTF-8 -Dsun.stderr.encoding=UTF-8 
java_command: hospital.management.system.PATIENT
java_class_path (initial): C:\Users\computer care\Desktop\hospital management system\out\production\hospital management system;C:\Users\computer care\Downloads\mysql-connector-java-8.0.28.jar
Launcher Type: SUN_STANDARD

[Global flags]
     bool AOTAdapterCaching                        = false                                  {diagnostic} {ergonomic}
     bool AOTInvokeDynamicLinking                  = false                                  {diagnostic} {ergonomic}
     bool AOTRecordTraining                        = false                                  {diagnostic} {ergonomic}
     bool AOTReplayTraining                        = false                                  {diagnostic} {ergonomic}
     bool AOTStubCaching                           = false                                  {diagnostic} {ergonomic}
     intx CICompilerCount                          = 3                                         {product} {ergonomic}
     uint ConcGCThreads                            = 1                                         {product} {ergonomic}
     uint G1ConcRefinementThreads                  = 4                                         {product} {ergonomic}
     uint G1EagerReclaimRemSetThreshold            = 10                                   {experimental} {ergonomic}
   size_t G1HeapRegionSize                         = 1048576                                   {product} {ergonomic}
     uint G1RemSetArrayOfCardsEntries              = 10                                   {experimental} {ergonomic}
     uint G1RemSetHowlMaxNumBuckets                = 8                                    {experimental} {ergonomic}
     uint G1RemSetHowlNumBuckets                   = 4                                    {experimental} {ergonomic}
   size_t InitialHeapSize                          = 8388608                                   {product} {ergonomic}
     bool IntelJccErratumMitigation                = false                             {ARCH diagnostic} {ergonomic}
   size_t MarkStackSize                            = 4194304                                   {product} {ergonomic}
   size_t MarkStackSizeMax                         = 536870912                                 {product} {ergonomic}
   size_t MaxHeapSize                              = 2126512128                                {product} {ergonomic}
   size_t MaxNewSize                               = 1275068416                                {product} {ergonomic}
 uint64_t MaxRAM                                   = 8497946624                                {product} {ergonomic}
   size_t MinHeapDeltaBytes                        = 1048576                                   {product} {ergonomic}
   size_t MinHeapSize                              = 8388608                                   {product} {ergonomic}
   size_t NonNMethodCodeHeapSize                   = 5898240                                {pd product} {ergonomic}
   size_t NonProfiledCodeHeapSize                  = 122945536                              {pd product} {ergonomic}
   size_t ProfiledCodeHeapSize                     = 122945536                              {pd product} {ergonomic}
   size_t ReservedCodeCacheSize                    = 251789312                              {pd product} {ergonomic}
     bool SegmentedCodeCache                       = true                                      {product} {ergonomic}
   size_t SoftMaxHeapSize                          = 2126512128                             {manageable} {ergonomic}
     bool UseCompressedOops                        = true                           {product lp64_product} {ergonomic}
     bool UseCondCardMark                          = true                                      {product} {ergonomic}
     bool UseFastUnorderedTimeStamps               = true                                 {experimental} {ergonomic}
     bool UseG1GC                                  = true                                      {product} {ergonomic}
     bool UseLargePagesIndividualAllocation        = false                                  {pd product} {ergonomic}
      int X86ICacheSync                            = 1                                 {ARCH diagnostic} {ergonomic}

Logging:
Log output configuration:
 #0: stdout all=warning uptime,level,tags foldmultilines=false
 #1: stderr all=off uptime,level,tags foldmultilines=false

Release file:
IMPLEMENTOR="Oracle Corporation" 
JAVA_RUNTIME_VERSION="26.0.1+8-34" 
JAVA_VERSION="26.0.1" 
JAVA_VERSION_DATE="2026-04-21" 
LIBC="default" 
MODULES="java.base java.compiler java.datatransfer java.xml java.prefs java.desktop java.instrument java.logging java.management java.security.sasl java.naming java.rmi java.management.rmi java.net.http java.scripting java.security.jgss java.transaction.xa java.sql java.sql.rowset java.xml.crypto java.se java.smartcardio jdk.accessibility jdk.internal.jvmstat jdk.attach jdk.charsets jdk.internal.opt jdk.zipfs jdk.compiler jdk.crypto.cryptoki jdk.crypto.ec jdk.crypto.mscapi jdk.dynalink jdk.internal.ed jdk.editpad jdk.internal.vm.ci jdk.graal.compiler jdk.graal.compiler.management jdk.hotspot.agent jdk.httpserver jdk.incubator.vector jdk.internal.le jdk.internal.md jdk.jartool jdk.javadoc jdk.jcmd jdk.management jdk.management.agent jdk.jconsole jdk.jdeps jdk.jdwp.agent jdk.jdi jdk.jfr jdk.jlink jdk.jpackage jdk.jshell jdk.jstatd jdk.localedata jdk.management.jfr jdk.naming.dns jdk.naming.rmi jdk.net jdk.nio.mapmode jdk.sctp jdk.security.auth jdk.security.jgss jdk.unsupported jdk.unsupported.desktop jdk.xml.dom" 
OS_ARCH="x86_64" 
OS_NAME="Windows" 
SOURCE=".:git:8fcde8268d22 open:git:fcc00fc4aee7" 

Environment Variables:
PATH=C:\Program Files\Common Files\Oracle\Java\javapath;C:\Windows\system32;C:\Windows;C:\Windows\System32\Wbem;C:\Windows\System32\WindowsPowerShell\v1.0\;C:\Windows\System32\OpenSSH\;C:\MinGW;C:\Program Files\Git\cmd;C:\Program Files\MySQL\MySQL Server 8.0\bin;C:\Program Files\nodejs\;C:\Program Files\MySQL\MySQL Shell 8.0\bin\;C:\Users\computer care\AppData\Local\Programs\Python\Python313\Scripts\;C:\Users\computer care\AppData\Local\Programs\Python\Python313\;C:\Users\computer care\AppData\Local\Microsoft\WindowsApps;C:\Users\computer care\AppData\Local\Programs\Microsoft VS Code\bin;C:\Users\computer care\AppData\Local\Programs\Microsoft VS Code Insiders\bin;C:\Users\computer care\AppData\Roaming\npm;C:\Program Files\JetBrains\IntelliJ IDEA 2026.1.3\bin
USERNAME=computer care
OS=Windows_NT
PROCESSOR_IDENTIFIER=Intel64 Family 6 Model 69 Stepping 1, GenuineIntel
TMP=C:\Users\COMPUT~1\AppData\Local\Temp
TEMP=C:\Users\COMPUT~1\AppData\Local\Temp




Compilation memory statistics disabled.

Periodic native trim disabled

---------------  S Y S T E M  ---------------

OS:
 Windows 10 , 64 bit Build 19041 (10.0.19041.5915)
OS uptime: 0 days 22:49 hours

CPU: total 4 (initial active 4) (2 cores per cpu, 2 threads per core) family 6 model 69 stepping 1 microcode 0x26, cx8, cmov, fxsr, ht, mmx, sse, sse2, sse3, ssse3, sse4.1, sse4.2, popcnt, lzcnt, tsc, tscinvbit, avx, avx2, aes, erms, clmul, bmi1, bmi2, fma, vzeroupper, clflush, rdtscp, f16c
Processor Information for the first 4 processors :
  Max Mhz: 2301, Current Mhz: 1600, Mhz Limit: 1587

Memory: 4k page, system-wide physical 8104M (535M free)
TotalPageFile size 13120M (AvailPageFile size 33M)
current process WorkingSet (physical memory assigned to process): 44M, peak: 84M
current process commit charge ("private bytes"): 127M, peak: 149M

vm_info: Java HotSpot(TM) 64-Bit Server VM (26.0.1+8-34) for windows-amd64 JRE (26.0.1+8-34), built on 2026-03-10T17:24:10Z with MS VC++ 17.13 (VS2022)

END.
